// Vitest Snapshot v1, https://vitest.dev/guide/snapshot.html

exports[`Shop > renders Shop as usual 1`] = `
<div>
  <div
    class="shopContent"
  >
    <h1
      class="pageTitle"
    >
      Shop
    </h1>
    <div
      class="shopContainer"
    />
  </div>
</div>
`;
